// Jest Snapshot v1, https://goo.gl/fbAQLP

exports[`Testing Typography component Shoud render Typography 1`] = `
[
  <View
    style={
      {
        "backgroundColor": "#F9F9F9",
        "flex": 1,
      }
    }
  >
    <View
      style={
        {
          "padding": 20,
        }
      }
    >
      <View
        style={
          {
            "alignItems": "center",
            "flexDirection": "row",
          }
        }
      >
        <View
          style={
            {
              "flex": 0.5,
            }
          }
        >
          <View
            accessibilityState={
              {
                "busy": undefined,
                "checked": undefined,
                "disabled": undefined,
                "expanded": undefined,
                "selected": undefined,
              }
            }
            accessibilityValue={
              {
                "max": undefined,
                "min": undefined,
                "now": undefined,
                "text": undefined,
              }
            }
            accessible={true}
            collapsable={false}
            focusable={true}
            onClick={[Function]}
            onResponderGrant={[Function]}
            onResponderMove={[Function]}
            onResponderRelease={[Function]}
            onResponderTerminate={[Function]}
            onResponderTerminationRequest={[Function]}
            onStartShouldSetResponder={[Function]}
            style={
              {
                "alignItems": "center",
                "backgroundColor": "#EEFFC8",
                "borderRadius": 8,
                "justifyContent": "center",
                "opacity": 1,
                "padding": 12,
                "width": 40,
              }
            }
          >
            <Icon
              color="#1B3102"
              name="arrow-back-ios"
            />
          </View>
        </View>
        <Text
          style={
            [
              {
                "fontFamily": "Inter-SemiBold",
                "fontSize": 14,
                "lineHeight": 20,
              },
              {
                "color": "#03623F",
              },
              {
                "alignSelf": "center",
                "color": "#03623F",
              },
            ]
          }
        >
          História
        </Text>
      </View>
      <View
        style={
          {
            "marginTop": 20,
          }
        }
      >
        <Text
          style={
            [
              {
                "fontFamily": "Inter-Bold",
                "fontSize": 20,
                "lineHeight": 26,
              },
              {
                "color": "#0C0A09",
              },
              {},
            ]
          }
        >
          História da F1
        </Text>
        <Text
          style={
            [
              {
                "fontFamily": "Inter-SemiBold",
                "fontSize": 16,
                "lineHeight": 24,
              },
              {
                "color": "#78716C",
              },
              {},
            ]
          }
        >
          Conheça os nomes que fizeram história, desde os pioneiros até os campeões inesquecíveis.
        </Text>
      </View>
    </View>
    <RCTScrollView
      ListHeaderComponent={[Function]}
      contentContainerStyle={
        {
          "backgroundColor": "#F9F9F9",
          "gap": 10,
          "marginHorizontal": 16,
          "paddingBottom": 100,
        }
      }
      data={[]}
      getItem={[Function]}
      getItemCount={[Function]}
      keyExtractor={[Function]}
      onContentSizeChange={[Function]}
      onLayout={[Function]}
      onMomentumScrollBegin={[Function]}
      onMomentumScrollEnd={[Function]}
      onScroll={[Function]}
      onScrollBeginDrag={[Function]}
      onScrollEndDrag={[Function]}
      removeClippedSubviews={false}
      renderItem={[Function]}
      scrollEventThrottle={0.0001}
      stickyHeaderIndices={[]}
      viewabilityConfigCallbackPairs={[]}
    >
      <View>
        <View
          collapsable={false}
          onLayout={[Function]}
        >
          <Text
            style={
              [
                {
                  "fontFamily": "Inter-SemiBold",
                  "fontSize": 12,
                  "lineHeight": 16,
                },
                {
                  "color": "#0C0A09",
                },
                {},
              ]
            }
          >
            Pilotos
          </Text>
        </View>
      </View>
    </RCTScrollView>
  </View>,
  ",",
]
`;
